Archive member included to satisfy reference by file (symbol)

d:/program files (x86)/atmel/studio/7.0/toolchain/avr8/avr8-gnu-toolchain/bin/../lib/gcc/avr/5.4.0/avr25\libgcc.a(_exit.o)
                              D:/Program Files (x86)/Atmel/Studio/7.0/Packs/atmel/ATtiny_DFP/1.10.348/gcc/dev/attiny85/avr25/crtattiny85.o (exit)
d:/program files (x86)/atmel/studio/7.0/toolchain/avr8/avr8-gnu-toolchain/bin/../lib/gcc/avr/5.4.0/avr25\libgcc.a(_copy_data.o)
                              NAcodes.o (__do_copy_data)

Discarded input sections

 .data          0x00000000        0x0 D:/Program Files (x86)/Atmel/Studio/7.0/Packs/atmel/ATtiny_DFP/1.10.348/gcc/dev/attiny85/avr25/crtattiny85.o
 .bss           0x00000000        0x0 D:/Program Files (x86)/Atmel/Studio/7.0/Packs/atmel/ATtiny_DFP/1.10.348/gcc/dev/attiny85/avr25/crtattiny85.o
 .text          0x00000000        0x0 main.o
 .data          0x00000000        0x0 main.o
 .bss           0x00000000        0x0 main.o
 .text          0x00000000        0x0 NAcodes.o
 .data          0x00000000        0x0 NAcodes.o
 .bss           0x00000000        0x0 NAcodes.o
 .text          0x00000000        0x0 util.o
 .data          0x00000000        0x0 util.o
 .bss           0x00000000        0x0 util.o
 .text.serialdelay
                0x00000000       0x12 util.o
 .text.uart_putchar
                0x00000000       0x48 util.o
 .text.printhex
                0x00000000       0x12 util.o
 .text.putnum_uh
                0x00000000       0x3c util.o
 .text.putnum_ud
                0x00000000       0x82 util.o
 .text.ROM_putstring
                0x00000000       0x38 util.o
 .debug_info    0x00000000      0x2f1 util.o
 .debug_abbrev  0x00000000       0xe4 util.o
 .debug_loc     0x00000000      0x456 util.o
 .debug_aranges
                0x00000000       0x48 util.o
 .debug_ranges  0x00000000       0x38 util.o
 .debug_line    0x00000000      0x2e0 util.o
 .debug_str     0x00000000      0x1ea util.o
 .comment       0x00000000       0x31 util.o
 .debug_frame   0x00000000       0xb4 util.o
 .text          0x00000000        0x0 d:/program files (x86)/atmel/studio/7.0/toolchain/avr8/avr8-gnu-toolchain/bin/../lib/gcc/avr/5.4.0/avr25\libgcc.a(_exit.o)
 .data          0x00000000        0x0 d:/program files (x86)/atmel/studio/7.0/toolchain/avr8/avr8-gnu-toolchain/bin/../lib/gcc/avr/5.4.0/avr25\libgcc.a(_exit.o)
 .bss           0x00000000        0x0 d:/program files (x86)/atmel/studio/7.0/toolchain/avr8/avr8-gnu-toolchain/bin/../lib/gcc/avr/5.4.0/avr25\libgcc.a(_exit.o)
 .text.libgcc.mul
                0x00000000        0x0 d:/program files (x86)/atmel/studio/7.0/toolchain/avr8/avr8-gnu-toolchain/bin/../lib/gcc/avr/5.4.0/avr25\libgcc.a(_exit.o)
 .text.libgcc.div
                0x00000000        0x0 d:/program files (x86)/atmel/studio/7.0/toolchain/avr8/avr8-gnu-toolchain/bin/../lib/gcc/avr/5.4.0/avr25\libgcc.a(_exit.o)
 .text.libgcc   0x00000000        0x0 d:/program files (x86)/atmel/studio/7.0/toolchain/avr8/avr8-gnu-toolchain/bin/../lib/gcc/avr/5.4.0/avr25\libgcc.a(_exit.o)
 .text.libgcc.prologue
                0x00000000        0x0 d:/program files (x86)/atmel/studio/7.0/toolchain/avr8/avr8-gnu-toolchain/bin/../lib/gcc/avr/5.4.0/avr25\libgcc.a(_exit.o)
 .text.libgcc.builtins
                0x00000000        0x0 d:/program files (x86)/atmel/studio/7.0/toolchain/avr8/avr8-gnu-toolchain/bin/../lib/gcc/avr/5.4.0/avr25\libgcc.a(_exit.o)
 .text.libgcc.fmul
                0x00000000        0x0 d:/program files (x86)/atmel/studio/7.0/toolchain/avr8/avr8-gnu-toolchain/bin/../lib/gcc/avr/5.4.0/avr25\libgcc.a(_exit.o)
 .text.libgcc.fixed
                0x00000000        0x0 d:/program files (x86)/atmel/studio/7.0/toolchain/avr8/avr8-gnu-toolchain/bin/../lib/gcc/avr/5.4.0/avr25\libgcc.a(_exit.o)
 .text          0x00000000        0x0 d:/program files (x86)/atmel/studio/7.0/toolchain/avr8/avr8-gnu-toolchain/bin/../lib/gcc/avr/5.4.0/avr25\libgcc.a(_copy_data.o)
 .data          0x00000000        0x0 d:/program files (x86)/atmel/studio/7.0/toolchain/avr8/avr8-gnu-toolchain/bin/../lib/gcc/avr/5.4.0/avr25\libgcc.a(_copy_data.o)
 .bss           0x00000000        0x0 d:/program files (x86)/atmel/studio/7.0/toolchain/avr8/avr8-gnu-toolchain/bin/../lib/gcc/avr/5.4.0/avr25\libgcc.a(_copy_data.o)
 .text.libgcc.mul
                0x00000000        0x0 d:/program files (x86)/atmel/studio/7.0/toolchain/avr8/avr8-gnu-toolchain/bin/../lib/gcc/avr/5.4.0/avr25\libgcc.a(_copy_data.o)
 .text.libgcc.div
                0x00000000        0x0 d:/program files (x86)/atmel/studio/7.0/toolchain/avr8/avr8-gnu-toolchain/bin/../lib/gcc/avr/5.4.0/avr25\libgcc.a(_copy_data.o)
 .text.libgcc   0x00000000        0x0 d:/program files (x86)/atmel/studio/7.0/toolchain/avr8/avr8-gnu-toolchain/bin/../lib/gcc/avr/5.4.0/avr25\libgcc.a(_copy_data.o)
 .text.libgcc.prologue
                0x00000000        0x0 d:/program files (x86)/atmel/studio/7.0/toolchain/avr8/avr8-gnu-toolchain/bin/../lib/gcc/avr/5.4.0/avr25\libgcc.a(_copy_data.o)
 .text.libgcc.builtins
                0x00000000        0x0 d:/program files (x86)/atmel/studio/7.0/toolchain/avr8/avr8-gnu-toolchain/bin/../lib/gcc/avr/5.4.0/avr25\libgcc.a(_copy_data.o)
 .text.libgcc.fmul
                0x00000000        0x0 d:/program files (x86)/atmel/studio/7.0/toolchain/avr8/avr8-gnu-toolchain/bin/../lib/gcc/avr/5.4.0/avr25\libgcc.a(_copy_data.o)
 .text.libgcc.fixed
                0x00000000        0x0 d:/program files (x86)/atmel/studio/7.0/toolchain/avr8/avr8-gnu-toolchain/bin/../lib/gcc/avr/5.4.0/avr25\libgcc.a(_copy_data.o)

Memory Configuration

Name             Origin             Length             Attributes
text             0x00000000         0x00002000         xr
data             0x00800060         0x00000200         rw !x
eeprom           0x00810000         0x00000200         rw !x
fuse             0x00820000         0x00000003         rw !x
lock             0x00830000         0x00000400         rw !x
signature        0x00840000         0x00000400         rw !x
user_signatures  0x00850000         0x00000400         rw !x
*default*        0x00000000         0xffffffff

Linker script and memory map

LOAD D:/Program Files (x86)/Atmel/Studio/7.0/Packs/atmel/ATtiny_DFP/1.10.348/gcc/dev/attiny85/avr25/crtattiny85.o
LOAD main.o
LOAD NAcodes.o
LOAD util.o
START GROUP
LOAD d:/program files (x86)/atmel/studio/7.0/toolchain/avr8/avr8-gnu-toolchain/bin/../lib/gcc/avr/5.4.0/../../../../avr/lib/avr25\libm.a
END GROUP
START GROUP
LOAD d:/program files (x86)/atmel/studio/7.0/toolchain/avr8/avr8-gnu-toolchain/bin/../lib/gcc/avr/5.4.0/avr25\libgcc.a
LOAD d:/program files (x86)/atmel/studio/7.0/toolchain/avr8/avr8-gnu-toolchain/bin/../lib/gcc/avr/5.4.0/../../../../avr/lib/avr25\libm.a
LOAD d:/program files (x86)/atmel/studio/7.0/toolchain/avr8/avr8-gnu-toolchain/bin/../lib/gcc/avr/5.4.0/../../../../avr/lib/avr25\libc.a
LOAD D:/Program Files (x86)/Atmel/Studio/7.0/Packs/atmel/ATtiny_DFP/1.10.348/gcc/dev/attiny85/avr25\libattiny85.a
END GROUP
                0x00000000                __TEXT_REGION_ORIGIN__ = DEFINED (__TEXT_REGION_ORIGIN__)?__TEXT_REGION_ORIGIN__:0x0
                [0x00800060]                __DATA_REGION_ORIGIN__ = DEFINED (__DATA_REGION_ORIGIN__)?__DATA_REGION_ORIGIN__:0x800060
                [0x00002000]                __TEXT_REGION_LENGTH__ = DEFINED (__TEXT_REGION_LENGTH__)?__TEXT_REGION_LENGTH__:0x2000
                [0x00000200]                __DATA_REGION_LENGTH__ = DEFINED (__DATA_REGION_LENGTH__)?__DATA_REGION_LENGTH__:0xffa0
                [0x00000200]                __EEPROM_REGION_LENGTH__ = DEFINED (__EEPROM_REGION_LENGTH__)?__EEPROM_REGION_LENGTH__:0x10000
                [0x00000003]                __FUSE_REGION_LENGTH__ = DEFINED (__FUSE_REGION_LENGTH__)?__FUSE_REGION_LENGTH__:0x400
                0x00000400                __LOCK_REGION_LENGTH__ = DEFINED (__LOCK_REGION_LENGTH__)?__LOCK_REGION_LENGTH__:0x400
                0x00000400                __SIGNATURE_REGION_LENGTH__ = DEFINED (__SIGNATURE_REGION_LENGTH__)?__SIGNATURE_REGION_LENGTH__:0x400
                0x00000400                __USER_SIGNATURE_REGION_LENGTH__ = DEFINED (__USER_SIGNATURE_REGION_LENGTH__)?__USER_SIGNATURE_REGION_LENGTH__:0x400

.hash
 *(.hash)

.dynsym
 *(.dynsym)

.dynstr
 *(.dynstr)

.gnu.version
 *(.gnu.version)

.gnu.version_d
 *(.gnu.version_d)

.gnu.version_r
 *(.gnu.version_r)

.rel.init
 *(.rel.init)

.rela.init
 *(.rela.init)

.rel.text
 *(.rel.text)
 *(.rel.text.*)
 *(.rel.gnu.linkonce.t*)

.rela.text
 *(.rela.text)
 *(.rela.text.*)
 *(.rela.gnu.linkonce.t*)

.rel.fini
 *(.rel.fini)

.rela.fini
 *(.rela.fini)

.rel.rodata
 *(.rel.rodata)
 *(.rel.rodata.*)
 *(.rel.gnu.linkonce.r*)

.rela.rodata
 *(.rela.rodata)
 *(.rela.rodata.*)
 *(.rela.gnu.linkonce.r*)

.rel.data
 *(.rel.data)
 *(.rel.data.*)
 *(.rel.gnu.linkonce.d*)

.rela.data
 *(.rela.data)
 *(.rela.data.*)
 *(.rela.gnu.linkonce.d*)

.rel.ctors
 *(.rel.ctors)

.rela.ctors
 *(.rela.ctors)

.rel.dtors
 *(.rel.dtors)

.rela.dtors
 *(.rela.dtors)

.rel.got
 *(.rel.got)

.rela.got
 *(.rela.got)

.rel.bss
 *(.rel.bss)

.rela.bss
 *(.rela.bss)

.rel.plt
 *(.rel.plt)

.rela.plt
 *(.rela.plt)

.text           0x00000000     0x1fc4
 *(.vectors)
 .vectors       0x00000000       0x1e D:/Program Files (x86)/Atmel/Studio/7.0/Packs/atmel/ATtiny_DFP/1.10.348/gcc/dev/attiny85/avr25/crtattiny85.o
                0x00000000                __vector_default
                0x00000000                __vectors
 *(.vectors)
 *(.progmem.gcc*)
                0x0000001e                . = ALIGN (0x2)
                0x0000001e                __trampolines_start = .
 *(.trampolines)
 .trampolines   0x0000001e        0x0 linker stubs
 *(.trampolines*)
                0x0000001e                __trampolines_end = .
 *libprintf_flt.a:*(.progmem.data)
 *libc.a:*(.progmem.data)
 *(.progmem*)
 .progmem.data.powerCodes
                0x0000001e       0x5c NAcodes.o
                0x0000001e                powerCodes
 .progmem.data.fisherCode
                0x0000007a       0x2d NAcodes.o
                0x0000007a                fisherCode
 .progmem.data.contec3Code
                0x000000a7       0x61 NAcodes.o
                0x000000a7                contec3Code
 .progmem.data.alleronCode
                0x00000108       0x99 NAcodes.o
                0x00000108                alleronCode
 .progmem.data.sony3Code
                0x000001a1       0x69 NAcodes.o
                0x000001a1                sony3Code
 .progmem.data.contec2Code
                0x0000020a       0x21 NAcodes.o
                0x0000020a                contec2Code
 .progmem.data.contecCode
                0x0000022b       0x11 NAcodes.o
                0x0000022b                contecCode
 .progmem.data.candleCode
                0x0000023c       0x99 NAcodes.o
                0x0000023c                candleCode
 .progmem.data.aoc2Code
                0x000002d5       0x2d NAcodes.o
                0x000002d5                aoc2Code
 .progmem.data.anamCode
                0x00000302       0x2d NAcodes.o
                0x00000302                anamCode
 .progmem.data.hitachi4Code
                0x0000032f       0x59 NAcodes.o
                0x0000032f                hitachi4Code
 .progmem.data.NEC2Code
                0x00000388       0x99 NAcodes.o
                0x00000388                NEC2Code
 .progmem.data.hitachi3Code
                0x00000421       0x99 NAcodes.o
                0x00000421                hitachi3Code
 .progmem.data.fujitsu2Code
                0x000004ba      0x191 NAcodes.o
                0x000004ba                fujitsu2Code
 .progmem.data.hitachi2Code
                0x0000064b       0x99 NAcodes.o
                0x0000064b                hitachi2Code
 .progmem.data.crownCode
                0x000006e4       0x61 NAcodes.o
                0x000006e4                crownCode
 .progmem.data.viewsonic3Code
                0x00000745       0x99 NAcodes.o
                0x00000745                viewsonic3Code
 .progmem.data.magnavoxCode
                0x000007de       0x59 NAcodes.o
                0x000007de                magnavoxCode
 .progmem.data.brillianCode
                0x00000837       0x91 NAcodes.o
                0x00000837                brillianCode
 .progmem.data.thompsonCode
                0x000008c8       0xd1 NAcodes.o
                0x000008c8                thompsonCode
 .progmem.data.zenith2Code
                0x00000999       0x89 NAcodes.o
                0x00000999                zenith2Code
 .progmem.data.viewsonic2Code
                0x00000a22       0xd1 NAcodes.o
                0x00000a22                viewsonic2Code
 .progmem.data.sony2Code
                0x00000af3       0x69 NAcodes.o
                0x00000af3                sony2Code
 .progmem.data.admiralCode
                0x00000b5c       0xb1 NAcodes.o
                0x00000b5c                admiralCode
 .progmem.data.NECCode
                0x00000c0d       0x99 NAcodes.o
                0x00000c0d                NECCode
 .progmem.data.daewooCode
                0x00000ca6       0x99 NAcodes.o
                0x00000ca6                daewooCode
 .progmem.data.goldstarCode
                0x00000d3f       0x99 NAcodes.o
                0x00000d3f                goldstarCode
 .progmem.data.fujitsuCode
                0x00000dd8      0x191 NAcodes.o
                0x00000dd8                fujitsuCode
 .progmem.data.pioneer2Code
                0x00000f69      0x191 NAcodes.o
                0x00000f69                pioneer2Code
 .progmem.data.bellCode
                0x000010fa       0x99 NAcodes.o
                0x000010fa                bellCode
 .progmem.data.aocCode
                0x00001193       0x89 NAcodes.o
                0x00001193                aocCode
 .progmem.data.bushCode
                0x0000121c       0x99 NAcodes.o
                0x0000121c                bushCode
 .progmem.data.viewsonicCode
                0x000012b5       0x99 NAcodes.o
                0x000012b5                viewsonicCode
 .progmem.data.hisenseCode
                0x0000134e       0xc1 NAcodes.o
                0x0000134e                hisenseCode
 .progmem.data.sampoCode
                0x0000140f       0xd1 NAcodes.o
                0x0000140f                sampoCode
 .progmem.data.hitachiCode
                0x000014e0       0x99 NAcodes.o
                0x000014e0                hitachiCode
 .progmem.data.jvcCode
                0x00001579       0xd1 NAcodes.o
                0x00001579                jvcCode
 .progmem.data.sylvaniaCode
                0x0000164a       0x99 NAcodes.o
                0x0000164a                sylvaniaCode
 .progmem.data.pioneerCode
                0x000016e3      0x111 NAcodes.o
                0x000016e3                pioneerCode
 .progmem.data.zenithCode
                0x000017f4       0x89 NAcodes.o
                0x000017f4                zenithCode
 .progmem.data.samsungCode
                0x0000187d      0x111 NAcodes.o
                0x0000187d                samsungCode
 .progmem.data.philipsCode
                0x0000198e       0x61 NAcodes.o
                0x0000198e                philipsCode
 .progmem.data.toshibaCode
                0x000019ef       0x99 NAcodes.o
                0x000019ef                toshibaCode
 .progmem.data.sharpCode
                0x00001a88      0x101 NAcodes.o
                0x00001a88                sharpCode
 .progmem.data.panasonicCode
                0x00001b89      0x191 NAcodes.o
                0x00001b89                panasonicCode
 .progmem.data.rcaCode
                0x00001d1a       0xd1 NAcodes.o
                0x00001d1a                rcaCode
 .progmem.data.sonyCode
                0x00001deb       0x69 NAcodes.o
                0x00001deb                sonyCode
                0x00001e54                . = ALIGN (0x2)
 *(.jumptables)
 *(.jumptables*)
 *(.lowtext)
 *(.lowtext*)
                0x00001e54                __ctors_start = .
 *(.ctors)
                0x00001e54                __ctors_end = .
                0x00001e54                __dtors_start = .
 *(.dtors)
                0x00001e54                __dtors_end = .
 SORT(*)(.ctors)
 SORT(*)(.dtors)
 *(.init0)
 .init0         0x00001e54        0x0 D:/Program Files (x86)/Atmel/Studio/7.0/Packs/atmel/ATtiny_DFP/1.10.348/gcc/dev/attiny85/avr25/crtattiny85.o
                0x00001e54                __init
 *(.init0)
 *(.init1)
 *(.init1)
 *(.init2)
 .init2         0x00001e54        0xc D:/Program Files (x86)/Atmel/Studio/7.0/Packs/atmel/ATtiny_DFP/1.10.348/gcc/dev/attiny85/avr25/crtattiny85.o
 *(.init2)
 *(.init3)
 *(.init3)
 *(.init4)
 .init4         0x00001e60       0x16 d:/program files (x86)/atmel/studio/7.0/toolchain/avr8/avr8-gnu-toolchain/bin/../lib/gcc/avr/5.4.0/avr25\libgcc.a(_copy_data.o)
                0x00001e60                __do_copy_data
 *(.init4)
 *(.init5)
 *(.init5)
 *(.init6)
 *(.init6)
 *(.init7)
 *(.init7)
 *(.init8)
 *(.init8)
 *(.init9)
 .init9         0x00001e76        0x4 D:/Program Files (x86)/Atmel/Studio/7.0/Packs/atmel/ATtiny_DFP/1.10.348/gcc/dev/attiny85/avr25/crtattiny85.o
 *(.init9)
 *(.text)
 .text          0x00001e7a        0x2 D:/Program Files (x86)/Atmel/Studio/7.0/Packs/atmel/ATtiny_DFP/1.10.348/gcc/dev/attiny85/avr25/crtattiny85.o
                0x00001e7a                __vector_1
                0x00001e7a                __vector_12
                0x00001e7a                __bad_interrupt
                0x00001e7a                __vector_6
                0x00001e7a                __vector_3
                0x00001e7a                __vector_11
                0x00001e7a                __vector_13
                0x00001e7a                __vector_7
                0x00001e7a                __vector_5
                0x00001e7a                __vector_4
                0x00001e7a                __vector_9
                0x00001e7a                __vector_2
                0x00001e7a                __vector_8
                0x00001e7a                __vector_14
                0x00001e7a                __vector_10
                0x00001e7c                . = ALIGN (0x2)
 *(.text.*)
 .text.delay_ten_us
                0x00001e7c       0x2c main.o
                0x00001e7c                delay_ten_us
 .text.quickflashLED
                0x00001ea8       0x14 main.o
                0x00001ea8                quickflashLED
 .text.quickflashLED4x
                0x00001ebc       0x1c main.o
                0x00001ebc                quickflashLED4x
 .text.xmitCodeElement
                0x00001ed8       0x30 main.o
                0x00001ed8                xmitCodeElement
 .text.main     0x00001f08       0xb8 main.o
                0x00001f08                main
                0x00001fc0                . = ALIGN (0x2)
 *(.fini9)
 .fini9         0x00001fc0        0x0 d:/program files (x86)/atmel/studio/7.0/toolchain/avr8/avr8-gnu-toolchain/bin/../lib/gcc/avr/5.4.0/avr25\libgcc.a(_exit.o)
                0x00001fc0                _exit
                0x00001fc0                exit
 *(.fini9)
 *(.fini8)
 *(.fini8)
 *(.fini7)
 *(.fini7)
 *(.fini6)
 *(.fini6)
 *(.fini5)
 *(.fini5)
 *(.fini4)
 *(.fini4)
 *(.fini3)
 *(.fini3)
 *(.fini2)
 *(.fini2)
 *(.fini1)
 *(.fini1)
 *(.fini0)
 .fini0         0x00001fc0        0x4 d:/program files (x86)/atmel/studio/7.0/toolchain/avr8/avr8-gnu-toolchain/bin/../lib/gcc/avr/5.4.0/avr25\libgcc.a(_exit.o)
 *(.fini0)
                0x00001fc4                _etext = .

.data           0x00800060        0x2 load address 0x00001fc4
                0x00800060                PROVIDE (__data_start, .)
 *(.data)
 *(.data*)
 .data.num_codes
                0x00800060        0x1 NAcodes.o
                0x00800060                num_codes
 *(.gnu.linkonce.d*)
 *(.rodata)
 *(.rodata*)
 *(.gnu.linkonce.r*)
                0x00800062                . = ALIGN (0x2)
 *fill*         0x00800061        0x1 
                0x00800062                _edata = .
                0x00800062                PROVIDE (__data_end, .)

.bss            0x00800062        0x0
                [!provide]                PROVIDE (__bss_start, .)
 *(.bss)
 *(.bss*)
 *(COMMON)
                [!provide]                PROVIDE (__bss_end, .)
                0x00001fc4                __data_load_start = LOADADDR (.data)
                0x00001fc6                __data_load_end = (__data_load_start + SIZEOF (.data))

.noinit         0x00800062        0x0
                [!provide]                PROVIDE (__noinit_start, .)
 *(.noinit*)
                [!provide]                PROVIDE (__noinit_end, .)
                0x00800062                _end = .
                [!provide]                PROVIDE (__heap_start, .)

.eeprom         0x00810000        0x0
 *(.eeprom*)
                0x00810000                __eeprom_end = .

.fuse
 *(.fuse)
 *(.lfuse)
 *(.hfuse)
 *(.efuse)

.lock
 *(.lock*)

.signature
 *(.signature*)

.user_signatures
 *(.user_signatures*)

.stab
 *(.stab)

.stabstr
 *(.stabstr)

.stab.excl
 *(.stab.excl)

.stab.exclstr
 *(.stab.exclstr)

.stab.index
 *(.stab.index)

.stab.indexstr
 *(.stab.indexstr)

.comment        0x00000000       0x30
 *(.comment)
 .comment       0x00000000       0x30 main.o
                                 0x31 (size before relaxing)
 .comment       0x00000030       0x31 NAcodes.o

.note.gnu.avr.deviceinfo
                0x00000000       0x3c
 .note.gnu.avr.deviceinfo
                0x00000000       0x3c D:/Program Files (x86)/Atmel/Studio/7.0/Packs/atmel/ATtiny_DFP/1.10.348/gcc/dev/attiny85/avr25/crtattiny85.o

.note.gnu.build-id
 *(.note.gnu.build-id)

.debug
 *(.debug)

.line
 *(.line)

.debug_srcinfo
 *(.debug_srcinfo)

.debug_sfnames
 *(.debug_sfnames)

.debug_aranges  0x00000000       0x58
 *(.debug_aranges)
 .debug_aranges
                0x00000000       0x40 main.o
 .debug_aranges
                0x00000040       0x18 NAcodes.o

.debug_pubnames
 *(.debug_pubnames)

.debug_info     0x00000000      0xcd2
 *(.debug_info .gnu.linkonce.wi.*)
 .debug_info    0x00000000      0x420 D:/Program Files (x86)/Atmel/Studio/7.0/Packs/atmel/ATtiny_DFP/1.10.348/gcc/dev/attiny85/avr25/crtattiny85.o
 .debug_info    0x00000420      0x42d main.o
 .debug_info    0x0000084d      0x485 NAcodes.o

.debug_abbrev   0x00000000      0x5d7
 *(.debug_abbrev)
 .debug_abbrev  0x00000000      0x3e8 D:/Program Files (x86)/Atmel/Studio/7.0/Packs/atmel/ATtiny_DFP/1.10.348/gcc/dev/attiny85/avr25/crtattiny85.o
 .debug_abbrev  0x000003e8      0x153 main.o
 .debug_abbrev  0x0000053b       0x9c NAcodes.o

.debug_line     0x00000000      0x40a
 *(.debug_line .debug_line.* .debug_line_end)
 .debug_line    0x00000000       0xf2 D:/Program Files (x86)/Atmel/Studio/7.0/Packs/atmel/ATtiny_DFP/1.10.348/gcc/dev/attiny85/avr25/crtattiny85.o
 .debug_line    0x000000f2      0x280 main.o
 .debug_line    0x00000372       0x98 NAcodes.o

.debug_frame    0x00000000       0x90
 *(.debug_frame)
 .debug_frame   0x00000000       0x90 main.o

.debug_str      0x00000000      0x596
 *(.debug_str)
 .debug_str     0x00000000      0x169 D:/Program Files (x86)/Atmel/Studio/7.0/Packs/atmel/ATtiny_DFP/1.10.348/gcc/dev/attiny85/avr25/crtattiny85.o
 .debug_str     0x00000169      0x213 main.o
                                0x252 (size before relaxing)
 .debug_str     0x0000037c      0x21a NAcodes.o
                                0x3e5 (size before relaxing)

.debug_loc      0x00000000      0x24d
 *(.debug_loc)
 .debug_loc     0x00000000      0x24d main.o

.debug_macinfo
 *(.debug_macinfo)

.debug_weaknames
 *(.debug_weaknames)

.debug_funcnames
 *(.debug_funcnames)

.debug_typenames
 *(.debug_typenames)

.debug_varnames
 *(.debug_varnames)

.debug_pubtypes
 *(.debug_pubtypes)

.debug_ranges   0x00000000       0x30
 *(.debug_ranges)
 .debug_ranges  0x00000000       0x30 main.o

.debug_macro
 *(.debug_macro)
OUTPUT(TV_B_GONE_11_AVR.elf elf32-avr)
LOAD linker stubs
